// Jest Snapshot v1, https://goo.gl/fbAQLP

exports[`renders an artwork caption properly 1`] = `
.c7 {
  color: #999;
  -webkit-text-decoration: none;
  text-decoration: none;
}

.c4 {
  display: -webkit-box;
  display: -webkit-flex;
  display: -ms-flexbox;
  display: flex;
  -webkit-flex-direction: row;
  -ms-flex-direction: row;
  flex-direction: row;
  font-family: Unica77LLWebMedium ,      'Arial',      'serif';
  -webkit-font-smoothing: antialiased;
  font-size: 16px;
  line-height: 1.1em;
}

.c5.artist-name {
  margin-right: 30px;
}

.c5 .c6 {
  color: black;
}

.c2 {
  display: none;
}

.c3 {
  font-family: Unica77LLWebMedium ,      'Arial',      'serif';
  -webkit-font-smoothing: antialiased;
  font-size: 16px;
  line-height: 1.1em;
}

.c8 {
  margin-left: 20px;
  white-space: nowrap;
  font-family: Unica77LLWebRegular ,      'Arial',      'serif';
  -webkit-font-smoothing: antialiased;
  font-size: 16px;
  line-height: 1.1em;
}

.c0 {
  display: -webkit-box;
  display: -webkit-flex;
  display: -ms-flexbox;
  display: flex;
  -webkit-box-pack: space-between;
  -webkit-justify-content: space-between;
  -ms-flex-pack: space-between;
  justify-content: space-between;
  background-color: #f8f8f8;
  padding: 30px 60px;
}

.c0 p {
  margin: 0px;
}

.c1 {
  display: -webkit-box;
  display: -webkit-flex;
  display: -ms-flexbox;
  display: flex;
  -webkit-flex-direction: column;
  -ms-flex-direction: column;
  flex-direction: column;
}

@media (max-width: 720px) {
  .c4 {
    font-family: Unica77LLWebMedium ,      'Arial',      'serif';
    -webkit-font-smoothing: antialiased;
    font-size: 14px;
    line-height: 1.4em;
    -webkit-flex-direction: column;
    -ms-flex-direction: column;
    flex-direction: column;
  }
}

@media (max-width: 720px) {
  .c5.artist-name {
    margin-bottom: 5px;
  }
}

@media (max-width: 720px) {
  .c2 {
    font-family: Unica77LLWebMedium ,      'Arial',      'serif';
    -webkit-font-smoothing: antialiased;
    font-size: 14px;
    line-height: 1.4em;
    cursor: pointer;
    display: inline-block;
  }

  .c2 span {
    border-bottom: 1px solid black;
  }
}

@media (max-width: 720px) {
  .c3 {
    font-family: Unica77LLWebMedium ,      'Arial',      'serif';
    -webkit-font-smoothing: antialiased;
    font-size: 14px;
    line-height: 1.4em;
  }
}

@media (max-width: 720px) {
  .c3 {
    display: block;
    margin-top: 20px;
  }
}

@media (max-width: 720px) {
  .c8 {
    font-family: Unica77LLWebRegular ,      'Arial',      'serif';
    -webkit-font-smoothing: antialiased;
    font-size: 14px;
    line-height: 1.4em;
  }
}

@media (max-width: 720px) {
  .c0 {
    padding: 20px;
  }
}

<div
  className="c0"
>
  <div
    className="c1"
  >
    <div
      className="fullscreen-viewer__caption-toggle c2"
      onClick={undefined}
    >
      <span>
        Hide
      </span>
    </div>
    <div
      className="c3"
      open={true}
    >
      <div
        className="c4"
      >
        <div
          className="artist-name c5"
        >
          <span
            className="name"
          >
            <a
              className="c6 c7"
              href="/artist/fernando-botero"
            >
              Fernando Botero
            </a>
          </span>
        </div>
        <div
          className="c5"
        >
          <span
            className="title"
          >
            <a
              className="c6 c7"
              href="/artwork/fernando-botero-nude-on-the-beach"
            >
              Nude on the Beach
            </a>
          </span>
          <span
            className="comma"
          >
            , 
          </span>
          <span
            className="date"
          >
            2000
          </span>
          <span
            className="comma"
          >
            , 
          </span>
          <a
            className="c6 c7"
            href="/partner/gary-nader"
          >
            Gary Nader
          </a>
        </div>
      </div>
    </div>
  </div>
  <div
    className="c8"
  >
    2 of 10
  </div>
</div>
`;

exports[`renders an image caption properly 1`] = `
.c2 {
  display: none;
}

.c3 {
  font-family: Unica77LLWebMedium ,      'Arial',      'serif';
  -webkit-font-smoothing: antialiased;
  font-size: 16px;
  line-height: 1.1em;
}

.c4 {
  margin-left: 20px;
  white-space: nowrap;
  font-family: Unica77LLWebRegular ,      'Arial',      'serif';
  -webkit-font-smoothing: antialiased;
  font-size: 16px;
  line-height: 1.1em;
}

.c0 {
  display: -webkit-box;
  display: -webkit-flex;
  display: -ms-flexbox;
  display: flex;
  -webkit-box-pack: space-between;
  -webkit-justify-content: space-between;
  -ms-flex-pack: space-between;
  justify-content: space-between;
  background-color: #f8f8f8;
  padding: 30px 60px;
}

.c0 p {
  margin: 0px;
}

.c1 {
  display: -webkit-box;
  display: -webkit-flex;
  display: -ms-flexbox;
  display: flex;
  -webkit-flex-direction: column;
  -ms-flex-direction: column;
  flex-direction: column;
}

@media (max-width: 720px) {
  .c2 {
    font-family: Unica77LLWebMedium ,      'Arial',      'serif';
    -webkit-font-smoothing: antialiased;
    font-size: 14px;
    line-height: 1.4em;
    cursor: pointer;
    display: inline-block;
  }

  .c2 span {
    border-bottom: 1px solid black;
  }
}

@media (max-width: 720px) {
  .c3 {
    font-family: Unica77LLWebMedium ,      'Arial',      'serif';
    -webkit-font-smoothing: antialiased;
    font-size: 14px;
    line-height: 1.4em;
  }
}

@media (max-width: 720px) {
  .c3 {
    display: block;
    margin-top: 20px;
  }
}

@media (max-width: 720px) {
  .c4 {
    font-family: Unica77LLWebRegular ,      'Arial',      'serif';
    -webkit-font-smoothing: antialiased;
    font-size: 14px;
    line-height: 1.4em;
  }
}

@media (max-width: 720px) {
  .c0 {
    padding: 20px;
  }
}

<div
  className="c0"
>
  <div
    className="c1"
  >
    <div
      className="fullscreen-viewer__caption-toggle c2"
      onClick={undefined}
    >
      <span>
        Hide
      </span>
    </div>
    <div
      className="c3"
      open={true}
    >
      <div
        dangerouslySetInnerHTML={
          Object {
            "__html": "<p>Photo by Adam Kuehl for Artsy.</p>",
          }
        }
      />
    </div>
  </div>
  <div
    className="c4"
  >
    3 of 10
  </div>
</div>
`;
