// Jest Snapshot v1, https://goo.gl/fbAQLP

exports[`renders properly 1`] = `
.c10 {
  color: #999;
  -webkit-text-decoration: none;
  text-decoration: none;
}

.c7 {
  display: -webkit-box;
  display: -webkit-flex;
  display: -ms-flexbox;
  display: flex;
  -webkit-flex-direction: row;
  -ms-flex-direction: row;
  flex-direction: row;
  font-family: Unica77LLWebMedium ,      'Arial',      'serif';
  -webkit-font-smoothing: antialiased;
  font-size: 16px;
  line-height: 1.1em;
}

.c8.artist-name {
  margin-right: 30px;
}

.c8 .c9 {
  color: black;
}

.c5 {
  display: none;
}

.c6 {
  font-family: Unica77LLWebMedium ,      'Arial',      'serif';
  -webkit-font-smoothing: antialiased;
  font-size: 16px;
  line-height: 1.1em;
}

.c11 {
  margin-left: 20px;
  white-space: nowrap;
  font-family: Unica77LLWebRegular ,      'Arial',      'serif';
  -webkit-font-smoothing: antialiased;
  font-size: 16px;
  line-height: 1.1em;
}

.c3 {
  display: -webkit-box;
  display: -webkit-flex;
  display: -ms-flexbox;
  display: flex;
  -webkit-box-pack: space-between;
  -webkit-justify-content: space-between;
  -ms-flex-pack: space-between;
  justify-content: space-between;
  background-color: #f8f8f8;
  padding: 30px 60px;
}

.c3 p {
  margin: 0px;
}

.c4 {
  display: -webkit-box;
  display: -webkit-flex;
  display: -ms-flexbox;
  display: flex;
  -webkit-flex-direction: column;
  -ms-flex-direction: column;
  flex-direction: column;
}

.c0 {
  width: 100%;
  height: 100vh;
  display: -webkit-box;
  display: -webkit-flex;
  display: -ms-flexbox;
  display: flex;
  -webkit-flex-direction: column;
  -ms-flex-direction: column;
  flex-direction: column;
}

.c2 {
  display: block;
  background: url(https://d7hftxdivxxvm.cloudfront.net?resize_to=width&src=https%3A%2F%2Fd32dm0rphc51dk.cloudfront.net%2F0aRUvnVgQKbQk5dj8xcCAg%2Flarger.jpg&width=1200&quality=95) no-repeat center;
  background-size: contain;
  -webkit-flex: 1;
  -ms-flex: 1;
  flex: 1;
  margin: 50px 60px;
}

.c1 {
  min-height: 25px;
  padding: 30px 60px 0 60px;
  font-family: Unica77LLWebRegular ,      'Arial',      'serif';
  -webkit-font-smoothing: antialiased;
  font-size: 40px;
  line-height: 1.1em;
}

@media (max-width: 720px) {
  .c7 {
    font-family: Unica77LLWebMedium ,      'Arial',      'serif';
    -webkit-font-smoothing: antialiased;
    font-size: 14px;
    line-height: 1.4em;
    -webkit-flex-direction: column;
    -ms-flex-direction: column;
    flex-direction: column;
  }
}

@media (max-width: 720px) {
  .c8.artist-name {
    margin-bottom: 5px;
  }
}

@media (max-width: 720px) {
  .c5 {
    font-family: Unica77LLWebMedium ,      'Arial',      'serif';
    -webkit-font-smoothing: antialiased;
    font-size: 14px;
    line-height: 1.4em;
    cursor: pointer;
    display: inline-block;
  }

  .c5 span {
    border-bottom: 1px solid black;
  }
}

@media (max-width: 720px) {
  .c6 {
    font-family: Unica77LLWebMedium ,      'Arial',      'serif';
    -webkit-font-smoothing: antialiased;
    font-size: 14px;
    line-height: 1.4em;
  }
}

@media (max-width: 720px) {
  .c6 {
    display: none;
    margin-top: 0px;
  }
}

@media (max-width: 720px) {
  .c11 {
    font-family: Unica77LLWebRegular ,      'Arial',      'serif';
    -webkit-font-smoothing: antialiased;
    font-size: 14px;
    line-height: 1.4em;
  }
}

@media (max-width: 720px) {
  .c3 {
    padding: 20px;
  }
}

@media (max-width: 720px) {
  .c2 {
    margin: 20px 0;
  }
}

@media (max-width: 720px) {
  .c1 {
    padding: 20px 60px 0 20px;
    font-family: Unica77LLWebRegular ,      'Arial',      'serif';
    -webkit-font-smoothing: antialiased;
    font-size: 19px;
    line-height: 1.5em;
  }
}

<div
  onClose={[Function]}
  show={true}
>
  <div
    className="c0"
  >
    <div
      className="c1"
    />
    <div
      className="c2"
      src="https://d7hftxdivxxvm.cloudfront.net?resize_to=width&src=https%3A%2F%2Fd32dm0rphc51dk.cloudfront.net%2F0aRUvnVgQKbQk5dj8xcCAg%2Flarger.jpg&width=1200&quality=95"
      title={undefined}
    />
    <div
      className="c3"
    >
      <div
        className="c4"
      >
        <div
          className="fullscreen-viewer__caption-toggle c5"
          onClick={undefined}
        >
          <span>
            View Caption
          </span>
        </div>
        <div
          className="c6"
          open={undefined}
        >
          <div
            className="c7"
          >
            <div
              className="artist-name c8"
            >
              <span
                className="name"
              >
                <a
                  className="c9 c10"
                  href="/artist/fernando-botero"
                >
                  Fernando Botero
                </a>
              </span>
            </div>
            <div
              className="c8"
            >
              <span
                className="title"
              >
                <a
                  className="c9 c10"
                  href="/artwork/fernando-botero-nude-on-the-beach"
                >
                  Nude on the Beach
                </a>
              </span>
              <span
                className="comma"
              >
                , 
              </span>
              <span
                className="date"
              >
                2000
              </span>
              <span
                className="comma"
              >
                , 
              </span>
              <a
                className="c9 c10"
                href="/partner/gary-nader"
              >
                Gary Nader
              </a>
            </div>
          </div>
        </div>
      </div>
      <div
        className="c11"
      >
        undefined of undefined
      </div>
    </div>
  </div>
</div>
`;
