// Jest Snapshot v1, https://goo.gl/fbAQLP

exports[`renders properly 1`] = `
<Header
  artist={
    Object {
      "_id": "some-id",
      "birthday": "11/17/1992",
      "counts": Object {
        "follows": 22,
      },
      "id": "marcel-duchamp",
      "name": "Marcel Duchamp",
      "nationality": "French",
    }
  }
/>
`;
