// Jest Snapshot v1, https://goo.gl/fbAQLP

exports[`inquiries renders the inquiries listing 1`] = `
<div
  className="file__Container-cpd21h-1 ghYJhK"
>
  <div
    className="file__Nav-s1w500ep-0 krvdox"
  >
    <a
      className="file__NavIcon-s1w500ep-1 eNnazU"
      href="/"
    >
      <div
        className="file-s1ekx40u-0 krLqUx"
        style={undefined}
      >
        
      </div>
    </a>
    <a
      className="file__StyledLink-mgasw5-0 dIJcvg"
      href="/"
    >
      Back To Artsy
    </a>
  </div>
  <header
    className="file__Header-cpd21h-2 gEkXMR"
  >
    <div
      className="header-title file__StyledTitle-s3pz4jh-0 jziesf"
    >
      Please select all works you purchased
    </div>
    <p
      className="header-subtitle file__Text-s4rtu63-0 fjtRsH"
    >
      We will confirm submitted purchases with the galleries in order to qualify you for the program membership.
    </p>
  </header>
  <div
    className="artworks"
  >
    <div
      className="Grid__Grid-bojwg gdLArs"
    >
      <div
        className="file__Row-s12jglgi-1 kZldUL Row__Row-kNtYPA hicFUP"
      >
        <div
          className="file__Col-s12jglgi-0 jydIWb Col__Col-hCQanm jItcmX"
        >
          <div
            className="file__InquiryContainer-cpd21h-0 ghmnBd"
          >
            <div
              className="file__Container-s1284ws5-0 kvlZnW"
              onClick={[Function]}
              size={250}
            >
              <div
                className="file__ImageContainer-s1284ws5-1 jtqwav"
                size={250}
              >
                <img
                  className="file__Image-s1284ws5-2 kDvufT"
                  size={250}
                  src="http://path.to.cat.pics"
                />
                <div
                  className="overlay-container hovered"
                >
                  <div
                    className="file__OverlayBackground-sjjgzh-0 dqoUxd"
                  >
                    <div
                      className="file__Circle-sjjgzh-1 hSzDOv"
                      selected={false}
                    >
                      <div
                        className="file-s1ekx40u-0 bDXcCT"
                        style={undefined}
                      >
                        
                      </div>
                    </div>
                  </div>
                </div>
              </div>
              <div
                className="file__StyledMetadata-s1l3srti-0 iIhayI"
              >
                <div>
                  <div
                    className="file__TruncatedLine-bzokla-0 dATVjh"
                  >
                    <strong>
                      <a
                        className="file__StyledTextLink-s18afosz-0 hlqDRc"
                        href="/percy-z"
                      >
                        Percy Z
                      </a>
                    </strong>
                  </div>
                  <div
                    className="file__TruncatedLine-bzokla-0 dATVjh"
                  >
                    <a
                      className="file__StyledTextLink-s18afosz-0 hlqDRc"
                      href={undefined}
                    >
                      <em />
                    </a>
                  </div>
                </div>
              </div>
            </div>
          </div>
        </div>
      </div>
    </div>
  </div>
  <footer
    className="footer"
  >
    <p
      className="file__Text-s4rtu63-0 eEhqjQ"
    >
      If you purchased any works not included
      <br />
       above, please list them.
    </p>
    <textarea
      className="file__LargeTextArea-cpd21h-3 dFDpRL file-gpzlm6-0 iokafB"
      onChange={[Function]}
      placeholder="Artwork, Artist, Gallery"
    />
    <button
      className="file__InvertedButton-s2qkmvo-0 hmYmGS file__StyledButton-muis26-0 kaBVMO"
      disabled={true}
      onClick={[Function]}
    >
      <span>
        Submit purchases
      </span>
    </button>
  </footer>
</div>
`;
