// Jest Snapshot v1, https://goo.gl/fbAQLP

exports[`<ForgotPassword /> renders the snapshot 1`] = `
<div
  className="file__Container-s1up4l80-0 eEevDd"
>
  <div
    className="file-s1ekx40u-0 iuEcGN"
    style={undefined}
  >
    î˜‘
  </div>
  <p
    className="file__Text-s4rtu63-0 eEhqjQ"
  >
    Enter the email address associated
    <br />
    with your account.
  </p>
  <div
    className="message-box"
  >
    
  </div>
  <input
    autoFocus={true}
    className="file__StyledInput-s1up4l80-1 koOAAW file__StyledInput-s2fklig-0 ffQmtI"
    name="email"
    onChange={[Function]}
    placeholder="Email"
    value=""
  />
  <button
    className="file__InvertedButton-s2qkmvo-0 hmYmGS file__StyledButton-muis26-0 kaBVMO"
    disabled={true}
    onClick={[Function]}
  >
    <span>
      Reset Password
    </span>
  </button>
</div>
`;
