// Jest Snapshot v1, https://goo.gl/fbAQLP

exports[`login renders the snapshot 1`] = `
<div
  className="file__LoginContainer-s1d01h8e-0 gwuPpF"
>
  <div
    className="file-s1ekx40u-0 iuEcGN"
    style={undefined}
  >
    
  </div>
  <p
    className="file__Text-s4rtu63-0 eEhqjQ"
  >
    Welcome back, please log in 
    <br />
     to your account.
  </p>
  <form
    action="/log_in"
    method="POST"
    onSubmit={[Function]}
  >
    <input
      autoFocus={true}
      className="file__StyledInput-s1d01h8e-1 qmhxa file__StyledInput-s2fklig-0 ffQmtI"
      name="email"
      onChange={[Function]}
      placeholder="Email"
      value=""
    />
    <div
      className="file__StyledDiv-s2fklig-2 gnqeba"
    >
      <div
        className="border-container"
      />
      <input
        className="file__BorderlessInput-s2fklig-1 fbjzqZ"
        name="password"
        onBlur={[Function]}
        onChange={[Function]}
        onFocus={[Function]}
        placeholder="Password"
        type="password"
        value=""
      />
      <a
        className="file__StyledTextLink-s18afosz-0 hlqDRc"
        href={undefined}
      >
        Forgot?
      </a>
    </div>
    <button
      className="file__InvertedButton-s2qkmvo-0 MNMDa file__StyledButton-muis26-0 fBHbtu"
    >
      <span>
        Log In
      </span>
    </button>
    <div
      className="file__StyledOrContainer-s1d01h8e-2 iqvrnM"
    >
      <div
        className="file__StyledOrText-s1d01h8e-3 ggmqfI"
      >
        or
      </div>
    </div>
    <a
      className="file-y6ly8y-0 bxHoRp file__StyledButton-muis26-0 fBHbtu"
      href="/facebook"
    >
      <div
        className="file-s1ekx40u-0 bDXcCT"
        style={undefined}
      >
        
      </div>
      <span>
        Log in with Facebook
      </span>
    </a>
    <a
      className="file-cy64ue-0 gjiGIK file__StyledButton-muis26-0 fBHbtu"
      href="/twitter"
    >
      <div
        className="file-s1ekx40u-0 bDXcCT"
        style={undefined}
      >
        
      </div>
      <span>
        Log in with Twitter
      </span>
    </a>
  </form>
  <br />
</div>
`;
