// Jest Snapshot v1, https://goo.gl/fbAQLP

exports[`renders correctly 1`] = `
<View
  accessibilityComponentType={undefined}
  accessibilityLabel={undefined}
  accessibilityTraits={undefined}
  accessible={true}
  hasTVPreferredFocus={undefined}
  hitSlop={undefined}
  isTVSelectable={true}
  nativeID={undefined}
  onLayout={undefined}
  onResponderGrant={[Function]}
  onResponderMove={[Function]}
  onResponderRelease={[Function]}
  onResponderTerminate={[Function]}
  onResponderTerminationRequest={[Function]}
  onStartShouldSetResponder={[Function]}
  style={
    Array [
      Object {
        "backgroundColor": "transparent",
      },
      undefined,
    ]
  }
  testID={undefined}
  tvParallaxProperties={undefined}
>
  <View
    style={
      Array [
        Object {
          "borderColor": "#e5e5e5",
          "borderWidth": 1,
          "flexDirection": "row",
          "height": 72,
        },
        undefined,
      ]
    }
  >
    <Image
      source={1}
      style={
        Array [
          Object {
            "marginBottom": 12,
            "marginLeft": 12,
            "marginTop": 12,
            "resizeMode": "contain",
            "width": 40,
          },
          undefined,
        ]
      }
    />
    <View
      style={
        Array [
          Object {
            "alignSelf": "center",
            "flexBasis": 0,
            "flexDirection": "column",
            "flexGrow": 1,
            "flexShrink": 1,
            "marginLeft": 10,
          },
          undefined,
        ]
      }
    >
      <Text
        accessible={true}
        allowFontScaling={true}
        disabled={false}
        ellipsizeMode="tail"
        style={
          Array [
            Object {
              "fontFamily": "AGaramondPro-Regular",
              "fontSize": 14,
            },
            undefined,
          ]
        }
      >
        Payment request
      </Text>
      <Text
        accessible={true}
        allowFontScaling={true}
        disabled={false}
        ellipsizeMode="tail"
        style={
          Array [
            Object {
              "fontFamily": "AGaramondPro-Regular",
              "fontSize": 14,
            },
            Array [
              Object {
                "fontWeight": "bold",
              },
              undefined,
            ],
          ]
        }
      >
        $420
      </Text>
    </View>
    <View
      style={
        Array [
          Object {
            "alignSelf": "center",
            "flexBasis": 0,
            "flexDirection": "column",
            "flexGrow": 1,
            "flexShrink": 1,
            "marginLeft": 10,
          },
          undefined,
        ]
      }
    >
      <View
        style={
          Array [
            Object {
              "height": 25,
              "marginLeft": 15,
              "width": 71,
            },
            undefined,
          ]
        }
      >
        <Text
          accessible={true}
          allowFontScaling={true}
          disabled={false}
          ellipsizeMode="tail"
          style={
            Array [
              Object {
                "color": "#cccccc",
                "fontWeight": "bold",
              },
              undefined,
            ]
          }
        >
          REFUNDED
        </Text>
      </View>
    </View>
  </View>
</View>
`;
