// Jest Snapshot v1, https://goo.gl/fbAQLP

exports[`renders the related articles canvas 1`] = `
.c9 {
  font-family: Unica77LLWebMedium ,      'Arial',      'serif';
  -webkit-font-smoothing: antialiased;
  font-size: 16px;
  line-height: 1.1em;
  font-family: Unica77LLWebMedium ,      'Arial',      'serif';
  -webkit-font-smoothing: antialiased;
  font-size: 14px;
  line-height: 1.4em;
}

.c9.author {
  display: -webkit-box;
  display: -webkit-flex;
  display: -ms-flexbox;
  display: flex;
  -webkit-align-items: baseline;
  -webkit-box-align: baseline;
  -ms-flex-align: baseline;
  align-items: baseline;
}

.c9.author:before {
  content: "";
  display: inline-block;
  min-width: 10px;
  min-height: 10px;
  border-radius: 50%;
  margin-right: 10px;
  background-color: #000;
}

.c9.date {
  white-space: nowrap;
  margin: 0 0 0 20px;
}

.c9:.author:before {
  min-width: 8px;
  min-height: 8px;
  margin-right: 5px;
}

.c8 {
  display: -webkit-box;
  display: -webkit-flex;
  display: -ms-flexbox;
  display: flex;
}

.c5 {
  display: -webkit-box;
  display: -webkit-flex;
  display: -ms-flexbox;
  display: flex;
  -webkit-flex-direction: column;
  -ms-flex-direction: column;
  flex-direction: column;
  color: black;
  -webkit-text-decoration: none;
  text-decoration: none;
  min-height: 270px;
}

.c4 {
  display: -webkit-box;
  display: -webkit-flex;
  display: -ms-flexbox;
  display: flex;
  -webkit-flex-direction: column;
  -ms-flex-direction: column;
  flex-direction: column;
  max-width: 255px;
}

.c7 {
  font-family: Unica77LLWebRegular ,      'Arial',      'serif';
  -webkit-font-smoothing: antialiased;
  font-size: 16px;
  line-height: 1.1em;
}

.c6 {
  display: block;
  width: 255px;
  height: 170px;
  margin-bottom: 10px;
  object-fit: cover;
}

.c0 {
  display: -webkit-box;
  display: -webkit-flex;
  display: -ms-flexbox;
  display: flex;
  -webkit-flex-direction: column;
  -ms-flex-direction: column;
  flex-direction: column;
  max-width: 1250px;
  margin: 30px auto 60px auto;
}

.c1 {
  font-family: Unica77LLWebRegular ,      'Arial',      'serif';
  -webkit-font-smoothing: antialiased;
  font-size: 32px;
  line-height: 1.1em;
  margin-bottom: 30px;
}

.c2 {
  margin-left: 30px;
}

.c2:before {
  content: "";
  display: inline-block;
  width: 12px;
  height: 12px;
  border-radius: 50%;
  margin-right: 5px;
  background-color: #000;
  margin-bottom: 5px;
}

.c3 {
  display: -webkit-box;
  display: -webkit-flex;
  display: -ms-flexbox;
  display: flex;
  -webkit-box-pack: space-between;
  -webkit-justify-content: space-between;
  -ms-flex-pack: space-between;
  justify-content: space-between;
  overflow-x: scroll;
}

.c3::-webkit-scrollbar {
  display: none;
}

@media (max-width: 720px) {
  .c9 {
    font-family: Unica77LLWebMedium ,      'Arial',      'serif';
    -webkit-font-smoothing: antialiased;
    font-size: 14px;
    line-height: 1.4em;
    margin: 0 20px 0 0;
  }

  .c9.author:before {
    width: 8px;
    height: 8px;
  }
}

@media (max-width: 720px) {
  .c9 {
    font-family: Unica77LLWebMedium ,      'Arial',      'serif';
    -webkit-font-smoothing: antialiased;
    font-size: 12px;
    line-height: 1.4em;
  }
}

@media (max-width: 720px) {
  .c5 {
    height: 235px;
  }
}

@media (max-width: 1250px) {
  .c4 {
    margin-right: 20px;
  }
}

@media (max-width: 720px) {
  .c7 {
    font-family: Unica77LLWebRegular ,      'Arial',      'serif';
    -webkit-font-smoothing: antialiased;
    font-size: 14px;
    line-height: 1.4em;
  }
}

@media (max-width: 720px) {
  .c6 {
    height: 150px;
  }
}

@media (max-width: 1250px) {
  .c0 {
    margin: 30px 20px 60px 20px;
  }
}

@media (max-width: 720px) {
  .c2 {
    margin-left: 0px;
    display: block;
  }
}

<div
  className="c0"
>
  <div
    className="c1"
  >
    Further Reading 
    <span
      className="c2"
    >
      Art Market
    </span>
  </div>
  <div
    className="c3"
  >
    <div
      className="c4"
      href="https://artsy.net/article/artsy-editorial-15-top-art-schools-united-states"
    >
      <a
        className="c5"
      >
        <img
          alt="The 15 Top Art Schools in the United States"
          className="c6"
          src="https://d7hftxdivxxvm.cloudfront.net?resize_to=fill&src=https%3A%2F%2Fartsy-media-uploads.s3.amazonaws.com%2F4Tq-iYkN8dOpshFoKRXyYw%252Fcustom-Custom_Size___PoetterHall_Exterior%2Bcopy.jpg&width=510&height=340&quality=95"
        />
        <div
          className="c7"
        >
          The 15 Top Art Schools in the United States
        </div>
      </a>
      <div
        className="c8"
      >
        <div
          className="author c9"
        >
          By 
          Anna Louis-Sussman and Kana Abe
        </div>
        <div
          className="date c9"
        >
          May 19, 2017
        </div>
      </div>
    </div>
    <div
      className="c4"
      href="https://artsy.net/article/artsy-editorial-four-years-walter-de-marias-death-final-work-complete"
    >
      <a
        className="c5"
      >
        <img
          alt="Four Years after Walter De Maria’s Death, His Final Work Is Complete"
          className="c6"
          src="https://d7hftxdivxxvm.cloudfront.net?resize_to=fill&src=https%3A%2F%2Fartsy-media-uploads.s3.amazonaws.com%2F6IqxBTQCkExip2auQ7ZWCA%252FDEMAR-2011.0006-B.jpg&width=510&height=340&quality=95"
        />
        <div
          className="c7"
        >
          Four Years after Walter De Maria’s Death, His Final Work Is Complete
        </div>
      </a>
      <div
        className="c8"
      >
        <div
          className="author c9"
        >
          By 
          Halley Johnson
        </div>
        <div
          className="date c9"
        >
          May 19, 2017
        </div>
      </div>
    </div>
    <div
      className="c4"
      href="https://artsy.net/article/artsy-editorial-french-art-history-in-a-nutshell"
    >
      <a
        className="c5"
      >
        <img
          alt="French Art History in a Nutshell"
          className="c6"
          src="https://d7hftxdivxxvm.cloudfront.net?resize_to=fill&src=https%3A%2F%2Fartsy-media-uploads.s3.amazonaws.com%2FlEcCm2XbfZ7bPAVgLlM21w%252Flarger-21.jpg&width=510&height=340&quality=95"
        />
        <div
          className="c7"
        >
          French Art History in a Nutshell
        </div>
      </a>
      <div
        className="c8"
      >
        <div
          className="author c9"
        >
          By 
          Casey Lesser
        </div>
        <div
          className="date c9"
        >
          May 19, 2017
        </div>
      </div>
    </div>
    <div
      className="c4"
      href="https://artsy.net/article/artsy-editorial-miami-artists-museums-brace-hurricane-irma"
    >
      <a
        className="c5"
      >
        <img
          alt="Miami Artists and Museums Brace for Hurricane Irma"
          className="c6"
          src="https://d7hftxdivxxvm.cloudfront.net?resize_to=fill&src=https%3A%2F%2Fartsy-media-uploads.s3.amazonaws.com%2FjAu4NaKnr_m53OnnMaDe_w%252Fmag.jpg&width=510&height=340&quality=95"
        />
        <div
          className="c7"
        >
          Miami Artists and Museums Brace for Hurricane Irma
        </div>
      </a>
      <div
        className="c8"
      >
        <div
          className="author c9"
        >
          By 
          Owen Dodd
        </div>
        <div
          className="date c9"
        >
          May 19, 2017
        </div>
      </div>
    </div>
  </div>
</div>
`;
