// Jest Snapshot v1, https://goo.gl/fbAQLP

exports[`renders properly 1`] = `
.c8 {
  color: #999;
  -webkit-text-decoration: none;
  text-decoration: none;
}

.c6 {
  padding: 0;
  margin-top: 10px;
  display: -webkit-box;
  display: -webkit-flex;
  display: -ms-flexbox;
  display: flex;
  font-family: Unica77LLWebRegular ,      'Arial',      'serif';
  -webkit-font-smoothing: antialiased;
  font-size: 14px;
  line-height: 1.4em;
}

.c7 {
  color: #999;
  display: block;
  -webkit-text-overflow: ellipsis;
  text-overflow: ellipsis;
  overflow: hidden;
  white-space: nowrap;
  width: 100%;
}

.c7 .artist-name {
  margin-right: 30px;
}

.c5 {
  position: absolute;
  bottom: 0;
  right: 0;
  margin: 10px;
  width: 25px;
  height: 25px;
  cursor: pointer;
  opacity: .6;
  -webkit-transition: opacity .3s;
  transition: opacity .3s;
}

.c5:hover {
  opacity: 1;
}

.c4 {
  opacity: 0;
  -webkit-transition: opacity .3s;
  transition: opacity .3s;
}

.c1 {
  position: relative;
}

.c1:hover .c3 {
  opacity: 1;
}

.c2 {
  display: block;
}

.c0 {
  -webkit-text-decoration: none;
  text-decoration: none;
}

@media (max-width: 600px) {
  .c6 {
    padding: 0 10px;
  }
}

<div
  className="display-artwork"
>
  <a
    className="c0"
    href="/artwork/fernando-botero-nude-on-the-beach"
  >
    <div
      className="c1"
    >
      <img
        alt="Nude on the Beach"
        className="display-artwork__image c2"
        height="auto"
        src="https://d7hftxdivxxvm.cloudfront.net?resize_to=width&src=https%3A%2F%2Fd32dm0rphc51dk.cloudfront.net%2F0aRUvnVgQKbQk5dj8xcCAg%2Flarger.jpg&width=1200&quality=95"
        width="100%"
      />
      <div
        className="c3 c4"
      >
        <div
          className="c5"
          onClick={[Function]}
        >
          <svg
            className="expand"
            version="1.1"
            viewBox="0 0 27 27"
            xmlns="http://www.w3.org/2000/svg"
          >
            <g
              fill="none"
              fillRule="evenodd"
              stroke="none"
              strokeWidth="1"
            >
              <g>
                <circle
                  cx="13.9575195"
                  cy="13.0588379"
                  fill="#000000"
                  fillRule="nonzero"
                  r="13"
                />
                <g
                  stroke="#FFFFFF"
                  transform="translate(8.000000, 7.000000)"
                >
                  <g>
                    <g
                      transform="translate(0.382532, 0.382532)"
                    >
                      <polyline
                        points="4.78165571 0 11.1571966 0 11.1571966 6.37554094"
                      />
                      <polyline
                        points="-1.01881144e-06 4.78165537 6.37553992 4.78165537 6.37553992 11.1571963"
                        transform="translate(3.187769, 7.969426) rotate(-180.000000) translate(-3.187769, -7.969426) "
                      />
                      <path
                        d="M10.360254,0.796942618 L0.796942618,10.360254"
                        strokeLinecap="square"
                      />
                    </g>
                  </g>
                </g>
              </g>
            </g>
          </svg>
        </div>
      </div>
    </div>
  </a>
  <div
    className="display-artwork__caption c6"
  >
    <div
      className="c7"
    >
      <span
        className="artist-name"
      >
        <span
          className="name"
        >
          <a
            className="c8"
            href="/artist/fernando-botero"
          >
            Fernando Botero
          </a>
        </span>
      </span>
      <span
        className="title"
      >
        <a
          className="c8"
          href="/artwork/fernando-botero-nude-on-the-beach"
        >
          Nude on the Beach
        </a>
      </span>
      <span
        className="comma"
      >
        , 
      </span>
      <span
        className="date"
      >
        2000
      </span>
      <span
        className="comma"
      >
        , 
      </span>
      <a
        className="c8"
        href="/partner/gary-nader"
      >
        Gary Nader
      </a>
    </div>
  </div>
</div>
`;
