// Jest Snapshot v1, https://goo.gl/fbAQLP

exports[`renders a single image properly 1`] = `
.c10 {
  color: #999;
  -webkit-text-decoration: none;
  text-decoration: none;
}

.c8 {
  padding: 0;
  margin-top: 10px;
  display: -webkit-box;
  display: -webkit-flex;
  display: -ms-flexbox;
  display: flex;
  font-family: Unica77LLWebRegular ,      'Arial',      'serif';
  -webkit-font-smoothing: antialiased;
  font-size: 14px;
  line-height: 1.4em;
}

.c9 {
  color: #999;
  display: block;
  -webkit-text-overflow: ellipsis;
  text-overflow: ellipsis;
  overflow: hidden;
  white-space: nowrap;
  width: 100%;
}

.c9 .artist-name {
  margin-right: 30px;
}

.c7 {
  position: absolute;
  bottom: 0;
  right: 0;
  margin: 10px;
  width: 25px;
  height: 25px;
  cursor: pointer;
  opacity: .6;
  -webkit-transition: opacity .3s;
  transition: opacity .3s;
}

.c7:hover {
  opacity: 1;
}

.c6 {
  opacity: 0;
  -webkit-transition: opacity .3s;
  transition: opacity .3s;
}

.c3 {
  position: relative;
}

.c3:hover .c5 {
  opacity: 1;
}

.c4 {
  display: block;
}

.c2 {
  -webkit-text-decoration: none;
  text-decoration: none;
}

.c1 {
  margin-right: 0px;
  width: 100%;
}

.c0 {
  display: -webkit-box;
  display: -webkit-flex;
  display: -ms-flexbox;
  display: flex;
  width: 100%;
}

@media (max-width: 600px) {
  .c8 {
    padding: 0 10px;
  }
}

@media (max-width: 600px) {
  .c1 {
    margin-bottom: 10px;
  }
}

@media (max-width: 600px) {
  .c0 {
    -webkit-flex-direction: column;
    -ms-flex-direction: column;
    flex-direction: column;
  }
}

<div
  className="c0"
>
  <div
    className="c1"
    width={undefined}
  >
    <div
      className="display-artwork"
    >
      <a
        className="c2"
        href="/artwork/fernando-botero-nude-on-the-beach"
      >
        <div
          className="c3"
        >
          <img
            alt="Nude on the Beach"
            className="display-artwork__image c4"
            height="auto"
            src="https://d7hftxdivxxvm.cloudfront.net?resize_to=width&src=https%3A%2F%2Fd32dm0rphc51dk.cloudfront.net%2F0aRUvnVgQKbQk5dj8xcCAg%2Flarger.jpg&width=1200&quality=95"
            width="100%"
          />
          <div
            className="c5 c6"
          >
            <div
              className="c7"
              onClick={[Function]}
            >
              <svg
                className="expand"
                version="1.1"
                viewBox="0 0 27 27"
                xmlns="http://www.w3.org/2000/svg"
              >
                <g
                  fill="none"
                  fillRule="evenodd"
                  stroke="none"
                  strokeWidth="1"
                >
                  <g>
                    <circle
                      cx="13.9575195"
                      cy="13.0588379"
                      fill="#000000"
                      fillRule="nonzero"
                      r="13"
                    />
                    <g
                      stroke="#FFFFFF"
                      transform="translate(8.000000, 7.000000)"
                    >
                      <g>
                        <g
                          transform="translate(0.382532, 0.382532)"
                        >
                          <polyline
                            points="4.78165571 0 11.1571966 0 11.1571966 6.37554094"
                          />
                          <polyline
                            points="-1.01881144e-06 4.78165537 6.37553992 4.78165537 6.37553992 11.1571963"
                            transform="translate(3.187769, 7.969426) rotate(-180.000000) translate(-3.187769, -7.969426) "
                          />
                          <path
                            d="M10.360254,0.796942618 L0.796942618,10.360254"
                            strokeLinecap="square"
                          />
                        </g>
                      </g>
                    </g>
                  </g>
                </g>
              </svg>
            </div>
          </div>
        </div>
      </a>
      <div
        className="display-artwork__caption c8"
      >
        <div
          className="c9"
        >
          <span
            className="artist-name"
          >
            <span
              className="name"
            >
              <a
                className="c10"
                href="/artist/fernando-botero"
              >
                Fernando Botero
              </a>
            </span>
          </span>
          <span
            className="title"
          >
            <a
              className="c10"
              href="/artwork/fernando-botero-nude-on-the-beach"
            >
              Nude on the Beach
            </a>
          </span>
          <span
            className="comma"
          >
            , 
          </span>
          <span
            className="date"
          >
            2000
          </span>
          <span
            className="comma"
          >
            , 
          </span>
          <a
            className="c10"
            href="/partner/gary-nader"
          >
            Gary Nader
          </a>
        </div>
      </div>
    </div>
  </div>
</div>
`;

exports[`renders properly 1`] = `
.c10 {
  color: #999;
  -webkit-text-decoration: none;
  text-decoration: none;
}

.c8 {
  padding: 0;
  margin-top: 10px;
  display: -webkit-box;
  display: -webkit-flex;
  display: -ms-flexbox;
  display: flex;
  font-family: Unica77LLWebRegular ,      'Arial',      'serif';
  -webkit-font-smoothing: antialiased;
  font-size: 14px;
  line-height: 1.4em;
}

.c9 {
  color: #999;
  display: block;
  -webkit-text-overflow: ellipsis;
  text-overflow: ellipsis;
  overflow: hidden;
  white-space: nowrap;
  width: 100%;
}

.c9 .artist-name {
  margin-right: 30px;
}

.c7 {
  position: absolute;
  bottom: 0;
  right: 0;
  margin: 10px;
  width: 25px;
  height: 25px;
  cursor: pointer;
  opacity: .6;
  -webkit-transition: opacity .3s;
  transition: opacity .3s;
}

.c7:hover {
  opacity: 1;
}

.c6 {
  opacity: 0;
  -webkit-transition: opacity .3s;
  transition: opacity .3s;
}

.c3 {
  position: relative;
}

.c3:hover .c5 {
  opacity: 1;
}

.c4 {
  display: block;
}

.c2 {
  -webkit-text-decoration: none;
  text-decoration: none;
}

.c12 {
  display: -webkit-box;
  display: -webkit-flex;
  display: -ms-flexbox;
  display: flex;
  -webkit-box-pack: space-between;
  -webkit-justify-content: space-between;
  -ms-flex-pack: space-between;
  justify-content: space-between;
  margin: 10px 0 10px 0;
}

.c13 {
  padding: 0;
}

.c13 > p,
.c13 p,
.c13 .public-DraftEditorPlaceholder-root {
  font-family: Unica77LLWebRegular ,      'Arial',      'serif';
  -webkit-font-smoothing: antialiased;
  font-size: 14px;
  line-height: 1.4em;
  color: #999;
  margin: 0;
}

.c13 > a,
.c13 a {
  color: #999;
}

.c13 > a:hover,
.c13 a:hover {
  color: black;
}

.c1 {
  margin-right: 10px;
  width: 312px;
}

.c11 {
  margin-right: 10px;
  width: 168px;
}

.c14 {
  margin-right: 0px;
  width: 178px;
}

.c0 {
  display: -webkit-box;
  display: -webkit-flex;
  display: -ms-flexbox;
  display: flex;
  width: 100%;
}

@media (max-width: 600px) {
  .c8 {
    padding: 0 10px;
  }
}

@media (max-width: 600px) {
  .c12 {
    padding: 0px 10px;
  }
}

@media (max-width: 600px) {
  .c13 {
    padding: 0px;
  }
}

@media (max-width: 600px) {
  .c1 {
    margin-bottom: 10px;
  }
}

@media (max-width: 600px) {
  .c11 {
    margin-bottom: 10px;
  }
}

@media (max-width: 600px) {
  .c14 {
    margin-bottom: 10px;
  }
}

@media (max-width: 600px) {
  .c0 {
    -webkit-flex-direction: column;
    -ms-flex-direction: column;
    flex-direction: column;
  }
}

<div
  className="c0"
>
  <div
    className="c1"
    width={312}
  >
    <div
      className="display-artwork"
    >
      <a
        className="c2"
        href="/artwork/fernando-botero-nude-on-the-beach"
      >
        <div
          className="c3"
        >
          <img
            alt="Nude on the Beach"
            className="display-artwork__image c4"
            height={224}
            src="https://d7hftxdivxxvm.cloudfront.net?resize_to=width&src=https%3A%2F%2Fd32dm0rphc51dk.cloudfront.net%2F0aRUvnVgQKbQk5dj8xcCAg%2Flarger.jpg&width=1200&quality=95"
            width={312}
          />
          <div
            className="c5 c6"
          >
            <div
              className="c7"
              onClick={[Function]}
            >
              <svg
                className="expand"
                version="1.1"
                viewBox="0 0 27 27"
                xmlns="http://www.w3.org/2000/svg"
              >
                <g
                  fill="none"
                  fillRule="evenodd"
                  stroke="none"
                  strokeWidth="1"
                >
                  <g>
                    <circle
                      cx="13.9575195"
                      cy="13.0588379"
                      fill="#000000"
                      fillRule="nonzero"
                      r="13"
                    />
                    <g
                      stroke="#FFFFFF"
                      transform="translate(8.000000, 7.000000)"
                    >
                      <g>
                        <g
                          transform="translate(0.382532, 0.382532)"
                        >
                          <polyline
                            points="4.78165571 0 11.1571966 0 11.1571966 6.37554094"
                          />
                          <polyline
                            points="-1.01881144e-06 4.78165537 6.37553992 4.78165537 6.37553992 11.1571963"
                            transform="translate(3.187769, 7.969426) rotate(-180.000000) translate(-3.187769, -7.969426) "
                          />
                          <path
                            d="M10.360254,0.796942618 L0.796942618,10.360254"
                            strokeLinecap="square"
                          />
                        </g>
                      </g>
                    </g>
                  </g>
                </g>
              </svg>
            </div>
          </div>
        </div>
      </a>
      <div
        className="display-artwork__caption c8"
      >
        <div
          className="c9"
        >
          <span
            className="artist-name"
          >
            <span
              className="name"
            >
              <a
                className="c10"
                href="/artist/fernando-botero"
              >
                Fernando Botero
              </a>
            </span>
          </span>
          <span
            className="title"
          >
            <a
              className="c10"
              href="/artwork/fernando-botero-nude-on-the-beach"
            >
              Nude on the Beach
            </a>
          </span>
          <span
            className="comma"
          >
            , 
          </span>
          <span
            className="date"
          >
            2000
          </span>
          <span
            className="comma"
          >
            , 
          </span>
          <a
            className="c10"
            href="/partner/gary-nader"
          >
            Gary Nader
          </a>
        </div>
      </div>
    </div>
  </div>
  <div
    className="c11"
    width={168}
  >
    <div
      className="article-image"
    >
      <div
        className="c3"
      >
        <img
          alt="Photo by Adam Kuehl for Artsy."
          className="c4"
          height={224}
          src="https://d7hftxdivxxvm.cloudfront.net?resize_to=width&src=https%3A%2F%2Fartsy-media-uploads.s3.amazonaws.com%2Fco8j2xq40ROMyBrJQm_4eQ%252FDafenOilPaintingVillage_AK03.jpg&width=1200&quality=95"
          width={168}
        />
        <div
          className="c5 c6"
        >
          <div
            className="c7"
            onClick={[Function]}
          >
            <svg
              className="expand"
              version="1.1"
              viewBox="0 0 27 27"
              xmlns="http://www.w3.org/2000/svg"
            >
              <g
                fill="none"
                fillRule="evenodd"
                stroke="none"
                strokeWidth="1"
              >
                <g>
                  <circle
                    cx="13.9575195"
                    cy="13.0588379"
                    fill="#000000"
                    fillRule="nonzero"
                    r="13"
                  />
                  <g
                    stroke="#FFFFFF"
                    transform="translate(8.000000, 7.000000)"
                  >
                    <g>
                      <g
                        transform="translate(0.382532, 0.382532)"
                      >
                        <polyline
                          points="4.78165571 0 11.1571966 0 11.1571966 6.37554094"
                        />
                        <polyline
                          points="-1.01881144e-06 4.78165537 6.37553992 4.78165537 6.37553992 11.1571963"
                          transform="translate(3.187769, 7.969426) rotate(-180.000000) translate(-3.187769, -7.969426) "
                        />
                        <path
                          d="M10.360254,0.796942618 L0.796942618,10.360254"
                          strokeLinecap="square"
                        />
                      </g>
                    </g>
                  </g>
                </g>
              </g>
            </svg>
          </div>
        </div>
      </div>
      <div
        className="c12"
      >
        <div
          className="c13"
        >
          <div
            dangerouslySetInnerHTML={
              Object {
                "__html": "<p>Photo by Adam Kuehl for Artsy.</p>",
              }
            }
          />
        </div>
      </div>
    </div>
  </div>
  <div
    className="c14"
    width={178}
  >
    <div
      className="article-image"
    >
      <div
        className="c3"
      >
        <img
          alt="Photo by Adam Kuehl for Artsy. Image courtesy of the Guggenheim Museum."
          className="c4"
          height={224}
          src="https://d7hftxdivxxvm.cloudfront.net?resize_to=width&src=https%3A%2F%2Fd32dm0rphc51dk.cloudfront.net%2FCpHY-DRr7KW0HGXLslCXHw%2Flarger.jpg&width=1200&quality=95"
          width={178}
        />
        <div
          className="c5 c6"
        >
          <div
            className="c7"
            onClick={[Function]}
          >
            <svg
              className="expand"
              version="1.1"
              viewBox="0 0 27 27"
              xmlns="http://www.w3.org/2000/svg"
            >
              <g
                fill="none"
                fillRule="evenodd"
                stroke="none"
                strokeWidth="1"
              >
                <g>
                  <circle
                    cx="13.9575195"
                    cy="13.0588379"
                    fill="#000000"
                    fillRule="nonzero"
                    r="13"
                  />
                  <g
                    stroke="#FFFFFF"
                    transform="translate(8.000000, 7.000000)"
                  >
                    <g>
                      <g
                        transform="translate(0.382532, 0.382532)"
                      >
                        <polyline
                          points="4.78165571 0 11.1571966 0 11.1571966 6.37554094"
                        />
                        <polyline
                          points="-1.01881144e-06 4.78165537 6.37553992 4.78165537 6.37553992 11.1571963"
                          transform="translate(3.187769, 7.969426) rotate(-180.000000) translate(-3.187769, -7.969426) "
                        />
                        <path
                          d="M10.360254,0.796942618 L0.796942618,10.360254"
                          strokeLinecap="square"
                        />
                      </g>
                    </g>
                  </g>
                </g>
              </g>
            </svg>
          </div>
        </div>
      </div>
      <div
        className="c12"
      >
        <div
          className="c13"
        >
          <div
            dangerouslySetInnerHTML={
              Object {
                "__html": "<p>Photo by <a href='artsy.net'>Adam Kuehl</a> for Artsy. Image courtesy of the Guggenheim Museum.</p>",
              }
            }
          />
        </div>
      </div>
    </div>
  </div>
</div>
`;
